2020-02-02T23:32:54.906+0800: 24101.908: [GC (Allocation Failure) 2020-02-02T23:32:54.906+0800: 24101.909: [ParNew: 1758743K->11010K(1922432K), 0.0490270 secs] 1964552K->216829K(4019584K), 0.0495458 secs] [Times: user=0.09 sys=0.00, real=0.05 secs]
2020-02-02T23:32:00.208+0800: 24167.210: [GC (Allocation Failure) 2020-02-02T23:32:00.208+0800: 24167.210: [ParNew: 1758722K->11830K(1922432K), 0.0452812 secs] 1964541K->217658K(4019584K), 0.0457442 secs] [Times: user=0.10 sys=0.00, real=0.04 secs]
2020-02-02T23:35:05.532+0800: 24232.534: [GC (Allocation Failure) 2020-02-02T23:35:05.532+0800: 24232.535: [ParNew: 1759542K->9568K(1922432K), 0.0431480 secs] 1965370K->215410K(4019584K), 0.0435788 secs] [Times: user=0.10 sys=0.00, real=0.04 secs]
2020-02-02T23:36:12.462+0800: 24299.464: [GC (Allocation Failure) 2020-02-02T23:36:12.462+0800: 24299.464: [ParNew: 1757280K->8885K(1922432K), 0.0366414 secs] 1963122K->214736K(4019584K), 0.0371164 secs] [Times: user=0.08 sys=0.00, real=0.04 secs]
2020-02-02T23:37:18.318+0800: 24365.320: [GC (Allocation Failure) 2020-02-02T23:37:18.318+0800: 24365.320: [ParNew: 1756597K->9329K(1922432K), 0.0297621 secs] 1962448K->215190K(4019584K), 0.0301974 secs] [Times: user=0.09 sys=0.00, real=0.03 secs]
2020-02-02T23:38:24.935+0800: 24431.937: [GC (Allocation Failure) 2020-02-02T23:38:24.935+0800: 24431.938: [ParNew: 1757041K->10180K(1922432K), 0.0307634 secs] 1962902K->216054K(4019584K), 0.0312003 secs] [Times: user=0.08 sys=0.00, real=0.03 secs]
2020-02-02T23:39:33.068+0800: 24500.070: [GC (Allocation Failure) 2020-02-02T23:39:33.068+0800: 24500.071: [ParNew: 1757892K->11103K(1922432K), 0.0299902 secs] 1963766K->216982K(4019584K), 0.0304658 secs] [Times: user=0.10 sys=0.00, real=0.03 secs]
2020-02-02T23:40:41.561+0800: 24568.563: [GC (Allocation Failure) 2020-02-02T23:40:41.561+0800: 24568.564: [ParNew: 1758815K->11546K(1922432K), 0.0301463 secs] 1964694K->217543K(4019584K), 0.0306308 secs] [Times: user=0.10 sys=0.00, real=0.03 secs]
2020-02-02T23:41:49.252+0800: 24636.254: [GC (Allocation Failure) 2020-02-02T23:41:49.252+0800: 24636.254: [ParNew: 1759258K->9563K(1922432K), 0.0394628 secs] 1965255K->215579K(4019584K), 0.0398864 secs] [Times: user=0.09 sys=0.00, real=0.04 secs]
2020-02-02T23:43:00.195+0800: 24707.197: [GC (Allocation Failure) 2020-02-02T23:43:00.195+0800: 24707.198: [ParNew: 1757275K->10056K(1922432K), 0.0339795 secs] 1963291K->216081K(4019584K), 0.0344810 secs] [Times: user=0.10 sys=0.00, real=0.04 secs]
